---
- !owner
  record: !variable
    id: foobar
  owner: !group
    id: developers
- !owner
  record: !variable
    id: baz
  owner: !group
    id: developers
- !variable
  id: foobar
  owner: !group
    id: developers
