---
- !permit
  privilege:
  - read
  - execute
  resource: !variable
    id: foobar
  role:
  - !member
    role: !group
      id: developers
    admin: true
  - !member
    role: !group
      id: support
