---
- !group
  id: developers
- !user
  id: alice
  annotations:
    hair-color: blonde
