---
- !members
  role: !layer-use
    id: dev/mysql
  member:
  - !member
    role: !group
      id: developers
- !members
  role: !layer-admin
    id: dev/mysql
  member:
  - !member
    role: !group
      id: ops
