---
- !owner
  record: !variable
    id: foobar
  role: !group
    id: developers
- !owner
  record: !variable
    id: baz
  role: !group
    id: developers
